Proto[Unbound]:
input schema required to serialize Column expr: engine: attempted to determine schema of table that has not been bound to a catalog yet

Root Schema:
schema:
  fields: 3
    - col1: type=bool
    - col2: type=utf8
    - col3: type=int64

Proto[Bound]:
filter: {
  input: {
    read: {
      base_schema: {
        names: "col1"
        names: "col2"
        names: "col3"
        struct: {
          types: {
            bool: {
              nullability: NULLABILITY_REQUIRED
            }
          }
          types: {
            string: {
              nullability: NULLABILITY_REQUIRED
            }
          }
          types: {
            i64: {
              nullability: NULLABILITY_REQUIRED
            }
          }
          nullability: NULLABILITY_REQUIRED
        }
      }
      named_table: {
        names: "test_db"
        names: "main"
        names: "table1"
      }
    }
  }
  condition: {
    selection: {
      direct_reference: {
        struct_field: {
          field: 1
        }
      }
    }
  }
}
